I'm sorry, but errors were detected in your script. Please correct the
errors listed below, and try again.


File "game/script.rpy", line 14: Tab characters are not allowed in Ren'Py scripts.

Ren'Py Version: Ren'Py 7.6.3.23091805
Sun Dec 17 22:47:20 2023
